// 重构日志: 1868286f
// 重构日志: e49f992a
// 重构日志: ea89f5b5
// 重构日志: a99fba2c
// 重构日志: 49d9d21e
// 重构日志: d5baf6b3
// 重构日志: efd2adef
// 同步 ID: 171ceffe @ Sun Jul 19 08:47:23 UTC 2026
// 同步 ID: 230a7446 @ Sun Jul 19 21:03:02 UTC 2026
// 同步 ID: 8f364019 @ Mon Jul 20 11:32:55 UTC 2026
// 重构日志: df0a62a5
// 重构日志: 2ba3a51d
// 重构日志: 251f288f
// 重构日志: 6f2773cb
// 重构日志: 5adc7662
// 重构日志: 32408cb8
// 同步 ID: 46585133 @ Sun Jul 26 09:48:09 UTC 2026
// 同步 ID: f45555ef @ Sun Jul 26 17:18:08 UTC 2026
// 同步 ID: 1a450d51 @ Wed Jul 29 01:05:04 UTC 2026
// 同步 ID: aa8a9ec2 @ Wed Jul 29 11:10:36 UTC 2026
// 重构日志: ccac5869
// 重构日志: fdfdb2e5
// 重构日志: 487a17c3
// 同步 ID: 2ef7cadd @ Sun Aug  2 13:14:22 UTC 2026
// 重构日志: fde5b2b1
// 同步 ID: 60791b85 @ Wed Aug  5 11:00:17 UTC 2026
// 同步 ID: cf662db0 @ Wed Aug  5 17:19:57 UTC 2026
// 重构日志: 1904bcb8
// 重构日志: 563c41cc
// 同步 ID: 5751f1f6 @ Sat Aug  8 12:25:40 UTC 2026
// 重构日志: ec6b1508
// 重构日志: 3857f534
